main.c:817:13:sendSpiInt8	0	static
main.c:1128:13:readProgMemText	0	static
main.c:1160:16:allocate	4	static
main.c:1208:13:deallocate	0	static
main.c:1223:13:deallocatePointer	2	static
main.c:1246:16:createEmptyString	4	static
main.c:1296:16:createEmptyList	4	static
main.c:1876:13:initializeTextEditor	0	static
main.c:2164:15:popBranch	0	static
main.c:2470:15:stringsAreEqual	2	static
main.c:824:13:sendDisplayDataInt4	0	static
main.c:839:13:sendDisplayCommandInt4	0	static
main.c:851:13:sendDisplayCharacter	1	static
main.c:977:13:readStorage	18	static
main.c:1037:15:readStorageInt8	5	static
main.c:2063:16:readStorageVariableName	9	static
main.c:2185:15:getCustomFunctionArgumentAmount	5	static
main.c:1261:16:createString	4	static
main.c:2111:17:createVariable	2	static
main.c:1043:13:trimSpaces	2	static
main.c:1058:13:convertFloatToText	13	static
main.c:1893:16:fileFindByName	27	static
main.c:2092:17:findVariableValueByNameInScope	4	static
main.c:1228:16:resizeAllocation	6	static
main.c:1317:16:resizeList	4	static
main.c:1332:15:insertListValue	9	static
main.c:1281:16:resizeString	4	static
main.c:2328:15:removeSubsequenceFromSequence	8	static
main.c:2417:15:insertSubsequenceIntoSequence	11	static
main.c:2978:40:evaluateValueFunction	28	dynamic
main.c:2641:40:evaluateMathFunction	11	static
main.c:871:15:getPressedKey	0	static
main.c:941:15:getKey	4	static
main.c:1350:15:1	0	static
main.c:1686:15:insertTextEditorSymbol	0	static
main.c:2234:13:markValueAsReachable	6	static
main.c:2103:17:findVariableValueByName	2	static
main.c:2126:18:createBranch	0	static
main.c:2143:15:pushBranch	7	static
main.c:2514:40:evaluateControlFunction	13	dynamic
main.c:845:13:sendDisplayCommand	1	static
main.c:857:13:displayCharacter	3	static
main.c:1365:13:displaySymbol	5	static
main.c:1383:13:displayText	8	static
main.c:1403:13:displayTextFromProgMem	8	dynamic
main.c:1430:13:clearDisplay	1	static
main.c:1477:15:printText	24	static
main.c:2041:13:printFileSize	24	static
main.c:1442:13:clearDisplayRegion	4	static
main.c:1670:13:displayTextEditorSymbolSet	0	static
main.c:1675:13:displayTextEditorSymbol	0	static
main.c:1633:13:displayTextEditorLine	7	static
main.c:1738:15:runTextEditor	2	static
main.c:1512:15:printTextFromProgMem	6	dynamic
main.c:1271:16:createStringFromProgMem	4	static
main.c:1414:15:10	24	static
main.c:1539:15:menu	13	static
main.c:1584:15:menuWithOptionsFromProgMem	17	static
main.c:1002:13:writeStorage	12	static
main.c:1910:16:fileCreate	14	static
main.c:1940:15:fileSetName	8	static
main.c:2742:40:evaluateInputOutputFunction	50	dynamic
main.c:3910:40:evaluateFunction	36	dynamic
main.c:4061:27:evaluateExpression	42	static
main.c:4148:27:runCode	27	static
main.c:3988:40:evaluateIgnoredExpression	29	static
main.c:3543:42:evaluateLiteralExpression	29	dynamic
main.c:4038:40:evaluateParenthesisExpression	24	static
main.c:3470:40:evaluateUnaryOperatorExpression	27	static
main.c:3700:42:evaluateBinaryOperatorExpression2	53	dynamic
main.c:3159:40:8	54	dynamic
main.c:4375:5:main	55	dynamic
